// Jest Snapshot v1, https://goo.gl/fbAQLP

exports[`Should setup snapshot for dashboard 1`] = `
<div>
  <Connect(ExpensesSummary) />
  <Connect(ExpenseListFilters) />
  <Connect(ExpenseList) />
</div>
`;
